// Jest Snapshot v1, https://goo.gl/fbAQLP

exports[`Section component should render as expected 1`] = `
<section
  className="a-class another-class"
  id="id"
  style={
    Object {
      "backgroundColor": "red",
      "fontSize": 16,
    }
  }
/>
`;
