// Jest Snapshot v1, https://goo.gl/fbAQLP

exports[`Layout component should render as expected 1`] = `
<div>
  undefined doesn't exist
</div>
`;
